// Jest Snapshot v1, https://goo.gl/fbAQLP

exports[`<Track /> should call play audio on Play Button click 1`] = `
Array [
  <button
    aria-label="Play Button"
    class="MuiButtonBase-root MuiIconButton-root MuiIconButton-sizeMedium css-jh7i0d-MuiButtonBase-root-MuiIconButton-root"
    tabindex="0"
    type="button"
  >
    <div
      class="css-1e6h5g2 e1b9j16n0"
    >
      <svg
        aria-label="loading"
        height="50px"
        viewBox="0 0 50 50"
        width="50px"
        x="0px"
        xml:space="preserve"
        xmlns="http://www.w3.org/2000/svg"
        y="0px"
      >
        <path
          d="M25.251,6.461c-10.318,0-18.683,8.365-18.683,18.683h4.068c0-8.071,6.543-14.615,14.615-14.615V6.461z"
          fill="#000"
        >
          <animatetransform
            attributeName="transform"
            attributeType="xml"
            dur="0.6s"
            from="0 25 25"
            repeatCount="indefinite"
            to="360 25 25"
            type="rotate"
          />
        </path>
      </svg>
    </div>
    <span
      class="MuiTouchRipple-root css-8je8zh-MuiTouchRipple-root"
    />
  </button>,
]
`;

exports[`<Track /> should render and match the snapshot 1`] = `
<body>
  <div>
    <div
      aria-label="hello"
      class="css-bvt2ld e1b9j16n4"
      title="hello"
    >
      <div
        class="css-104uwmo e1b9j16n5"
      >
        <div
          class="css-1az82wx e1b9j16n1"
        >
          hello
        </div>
        <div
          class="css-15currb e1b9j16n2"
        >
          <div
            class="css-4ymtup e1b9j16n3"
          >
            <button
              aria-label="Pause Button"
              class="MuiButtonBase-root MuiIconButton-root MuiIconButton-sizeMedium css-jh7i0d-MuiButtonBase-root-MuiIconButton-root"
              tabindex="0"
              type="button"
            >
              <svg
                aria-hidden="true"
                class="MuiSvgIcon-root MuiSvgIcon-fontSizeMedium css-oi4oci-MuiSvgIcon-root"
                data-testid="PauseCircleFilledRoundedIcon"
                focusable="false"
                viewBox="0 0 24 24"
              >
                <path
                  d="M12 2C6.48 2 2 6.48 2 12s4.48 10 10 10 10-4.48 10-10S17.52 2 12 2m-2 14c-.55 0-1-.45-1-1V9c0-.55.45-1 1-1s1 .45 1 1v6c0 .55-.45 1-1 1m4 0c-.55 0-1-.45-1-1V9c0-.55.45-1 1-1s1 .45 1 1v6c0 .55-.45 1-1 1"
                />
              </svg>
              <span
                class="MuiTouchRipple-root css-8je8zh-MuiTouchRipple-root"
              />
            </button>
          </div>
          <div
            class="css-4ymtup e1b9j16n3"
          >
            <button
              class="MuiButtonBase-root MuiIconButton-root MuiIconButton-sizeMedium css-glkke5-MuiButtonBase-root-MuiIconButton-root"
              tabindex="0"
              type="button"
            >
              <svg
                aria-hidden="true"
                class="MuiSvgIcon-root MuiSvgIcon-fontSizeMedium css-oi4oci-MuiSvgIcon-root"
                data-testid="InfoRoundedIcon"
                focusable="false"
                viewBox="0 0 24 24"
              >
                <path
                  d="M12 2C6.48 2 2 6.48 2 12s4.48 10 10 10 10-4.48 10-10S17.52 2 12 2m0 15c-.55 0-1-.45-1-1v-4c0-.55.45-1 1-1s1 .45 1 1v4c0 .55-.45 1-1 1m1-8h-2V7h2z"
                />
              </svg>
              <span
                class="MuiTouchRipple-root css-8je8zh-MuiTouchRipple-root"
              />
            </button>
          </div>
        </div>
      </div>
    </div>
  </div>
</body>
`;

exports[`<Track /> should render and match the snapshot when audio isPlaying 1`] = `
<body>
  <div>
    <div
      aria-label="hello"
      class="css-bvt2ld e1b9j16n4"
      title="hello"
    >
      <div
        class="css-104uwmo e1b9j16n5"
      >
        <div
          class="css-1az82wx e1b9j16n1"
        >
          hello
        </div>
        <div
          class="css-15currb e1b9j16n2"
        >
          <div
            class="css-4ymtup e1b9j16n3"
          >
            <button
              aria-label="Pause Button"
              class="MuiButtonBase-root MuiIconButton-root MuiIconButton-sizeMedium css-jh7i0d-MuiButtonBase-root-MuiIconButton-root"
              tabindex="0"
              type="button"
            >
              <svg
                aria-hidden="true"
                class="MuiSvgIcon-root MuiSvgIcon-fontSizeMedium css-oi4oci-MuiSvgIcon-root"
                data-testid="PauseCircleFilledRoundedIcon"
                focusable="false"
                viewBox="0 0 24 24"
              >
                <path
                  d="M12 2C6.48 2 2 6.48 2 12s4.48 10 10 10 10-4.48 10-10S17.52 2 12 2m-2 14c-.55 0-1-.45-1-1V9c0-.55.45-1 1-1s1 .45 1 1v6c0 .55-.45 1-1 1m4 0c-.55 0-1-.45-1-1V9c0-.55.45-1 1-1s1 .45 1 1v6c0 .55-.45 1-1 1"
                />
              </svg>
              <span
                class="MuiTouchRipple-root css-8je8zh-MuiTouchRipple-root"
              />
            </button>
          </div>
          <div
            class="css-4ymtup e1b9j16n3"
          >
            <button
              class="MuiButtonBase-root MuiIconButton-root MuiIconButton-sizeMedium css-glkke5-MuiButtonBase-root-MuiIconButton-root"
              tabindex="0"
              type="button"
            >
              <svg
                aria-hidden="true"
                class="MuiSvgIcon-root MuiSvgIcon-fontSizeMedium css-oi4oci-MuiSvgIcon-root"
                data-testid="InfoRoundedIcon"
                focusable="false"
                viewBox="0 0 24 24"
              >
                <path
                  d="M12 2C6.48 2 2 6.48 2 12s4.48 10 10 10 10-4.48 10-10S17.52 2 12 2m0 15c-.55 0-1-.45-1-1v-4c0-.55.45-1 1-1s1 .45 1 1v4c0 .55-.45 1-1 1m1-8h-2V7h2z"
                />
              </svg>
              <span
                class="MuiTouchRipple-root css-8je8zh-MuiTouchRipple-root"
              />
            </button>
          </div>
        </div>
      </div>
    </div>
  </div>
</body>
`;
